 _________________________________________
/ October.                                \
|                                         |
| This is one of the peculiarly dangerous |
| months to speculate in stocks in.       |
|                                         |
| The others are July, January,           |
| September, April, November, May, March, |
| June, December, August, and February.   |
|                                         |
| -- Mark Twain, "Pudd'nhead Wilson's     |
\ Calendar"                               /
 -----------------------------------------
  \
   \   \_\_    _/_/
    \      \__/
           (oo)\_______
           (__)\       )\/\
               ||----w |
               ||     ||
joseph@JOE ~ $ git
usage: git [--version] [--help] [-C <path>] [-c name=value]
           [--exec-path[=<path>]] [--html-path] [--man-path] [--info-path]
           [-p | --paginate | --no-pager] [--no-replace-objects] [--bare]
           [--git-dir=<path>] [--work-tree=<path>] [--namespace=<name>]
           <command> [<args>]

These are common Git commands used in various situations:

start a working area (see also: git help tutorial)
   clone      Clone a repository into a new directory
   init       Create an empty Git repository or reinitialize an existing one

work on the current change (see also: git help everyday)
   add        Add file contents to the index
   mv         Move or rename a file, a directory, or a symlink
   reset      Reset current HEAD to the specified state
   rm         Remove files from the working tree and from the index

examine the history and state (see also: git help revisions)
   bisect     Use binary search to find the commit that introduced a bug
   grep       Print lines matching a pattern
   log        Show commit logs
   show       Show various types of objects
   status     Show the working tree status

grow, mark and tweak your common history
   branch     List, create, or delete branches
   checkout   Switch branches or restore working tree files
   commit     Record changes to the repository
   diff       Show changes between commits, commit and working tree, etc
   merge      Join two or more development histories together
   rebase     Forward-port local commits to the updated upstream head
   tag        Create, list, delete or verify a tag object signed with GPG

collaborate (see also: git help workflows)
   fetch      Download objects and refs from another repository
   pull       Fetch from and integrate with another repository or a local branch
   push       Update remote refs along with associated objects

'git help -a' and 'git help -g' list available subcommands and some
concept guides. See 'git help <command>' or 'git help <concept>'
to read about a specific subcommand or concept.
joseph@JOE ~ $ gi --version
gi: command not found
joseph@JOE ~ $ git --version
git version 2.7.4
joseph@JOE ~ $ git status
fatal: Not a git repository (or any of the parent directories): .git
joseph@JOE ~ $ ls
16s-analysis-JG-2018  Downloads       Music          Public     Untitled 1.ods
Desktop               git-trial-repo  picrust-1.1.3  R          Videos
Documents             miniconda3      Pictures       Templates
joseph@JOE ~ $ cd git-trial-repo/
joseph@JOE ~/git-trial-repo $ git status
On branch master

Initial commit

Changes to be committed:
  (use "git rm --cached <file>..." to unstage)

	new file:   readme.txt

joseph@JOE ~/git-trial-repo $ mv readme.txt readme.md
joseph@JOE ~/git-trial-repo $ ls
readme.md
joseph@JOE ~/git-trial-repo $ ls -a
.  ..  .git  readme.md
joseph@JOE ~/git-trial-repo $ cd git-trial-repo/ls
bash: cd: git-trial-repo/ls: No such file or directory
joseph@JOE ~/git-trial-repo $ pwd
/home/joseph/git-trial-repo
joseph@JOE ~/git-trial-repo $ ls
readme.md
joseph@JOE ~/git-trial-repo $ nano readme.md
joseph@JOE ~/git-trial-repo $ git commit -m "i have just made the first copy of this" 
[master (root-commit) ec93253] i have just made the first copy of this
 1 file changed, 1 insertion(+)
 create mode 100644 readme.txt
joseph@JOE ~/git-trial-repo $ git status
On branch master
Changes not staged for commit:
  (use "git add/rm <file>..." to update what will be committed)
  (use "git checkout -- <file>..." to discard changes in working directory)

	deleted:    readme.txt

Untracked files:
  (use "git add <file>..." to include in what will be committed)

	readme.md

no changes added to commit (use "git add" and/or "git commit -a")
joseph@JOE ~/git-trial-repo $ add readme.md 
No command 'add' found, did you mean:
 Command 'atd' from package 'at' (main)
 Command 'adb' from package 'adb' (universe)
 Command 'adb' from package 'android-tools-adb' (universe)
 Command 'hadd' from package 'root-system-bin' (universe)
 Command 'aid' from package 'id-utils' (universe)
 Command 'and' from package 'and' (universe)
 Command 'dd' from package 'coreutils' (main)
 Command 'ldd' from package 'libc-bin' (main)
 Command 'ddd' from package 'ddd' (universe)
 Command 'amd' from package 'am-utils' (universe)
 Command 'ad' from package 'netatalk' (universe)
 Command 'axd' from package 'afnix' (universe)
 Command 'adbd' from package 'android-tools-adbd' (universe)
 Command 'tdd' from package 'devtodo' (universe)
add: command not found
joseph@JOE ~/git-trial-repo $ git add readme.md
joseph@JOE ~/git-trial-repo $ ls
readme.md
joseph@JOE ~/git-trial-repo $ git status
On branch master
Changes to be committed:
  (use "git reset HEAD <file>..." to unstage)

	new file:   readme.md

Changes not staged for commit:
  (use "git add/rm <file>..." to update what will be committed)
  (use "git checkout -- <file>..." to discard changes in working directory)

	deleted:    readme.txt

joseph@JOE ~/git-trial-repo $ git commit -m "i have just made the first copy of this" 
[master 0daa2fd] i have just made the first copy of this
 1 file changed, 1 insertion(+)
 create mode 100644 readme.md
joseph@JOE ~/git-trial-repo $ git rm readme.txt
rm 'readme.txt'
joseph@JOE ~/git-trial-repo $ git commit
Aborting commit due to empty commit message.
joseph@JOE ~/git-trial-repo $ git commit -m "deleted txt"
[master 5912158] deleted txt
 1 file changed, 1 deletion(-)
 delete mode 100644 readme.txt
joseph@JOE ~/git-trial-repo $ git status
On branch master
nothing to commit, working directory clean
joseph@JOE ~/git-trial-repo $ ls
readme.md
joseph@JOE ~/git-trial-repo $ git remote add origin https://github.com/joemunju/git-trial-repo1.git
joseph@JOE ~/git-trial-repo $ git push -u origin master
Username for 'https://github.com': joemunju
Password for 'https://joemunju@github.com': 
Counting objects: 8, done.
Delta compression using up to 4 threads.
Compressing objects: 100% (4/4), done.
Writing objects: 100% (8/8), 703 bytes | 0 bytes/s, done.
Total 8 (delta 0), reused 0 (delta 0)
remote: 
remote: Create a pull request for 'master' on GitHub by visiting:
remote:      https://github.com/joemunju/git-trial-repo1/pull/new/master
remote: 
To https://github.com/joemunju/git-trial-repo1.git
 * [new branch]      master -> master
Branch master set up to track remote branch master from origin.
joseph@JOE ~/git-trial-repo $ 
